
$ cd /usr/xcode/include                                                        
$ lt sys/dirent*
-rw-r--r--  7 root  wheel  5582 Nov 30  2020 sys/dirent.h
$ files_h | xa fgr dirent_t | fgr typedef
$ files_h | xa fgr DIRENT                
apr-1/apr_file_info.h:#define APR_FINFO_DIRENT 0x02000000 /**<  an atomic unix apr_dir_read() */
apr-1/apr_portable.h:#if APR_HAVE_DIRENT_H
apr-1/apr.h:#define APR_HAVE_DIRENT_H        1
bsm/audit_kevents.h:#define AUE_DARWIN_GETDIRENTRIES        328
bsm/audit_kevents.h:#define AUE_DARWIN_GETDIRENTRIESATTR    337     /* Darwin-specific. */
bsm/audit_kevents.h:#define AUE_GETDIRENTRIES       43020
bsm/audit_kevents.h:#define AUE_GETDIRENTRIESATTR   43027   /* Darwin-specific. */
bsm/audit_kevents.h:#define AUE_O_GETDIRENTRIES     AUE_GETDIRENTRIES       /* Darwin */
bsm/audit_kevents.h:#define AUE_GETDIRENTRIES64     AUE_NULL
dirent.h:#ifndef _DIRENT_H_
dirent.h:#define _DIRENT_H_
dirent.h:#endif /* !_DIRENT_H_ */
net-snmp/net-snmp-config.h:#define HAVE_DIRENT_H 1
net-snmp/net-snmp-config.h:#define HAVE_STRUCT_DIRENT_D_TYPE 1
nfs/nfsnode.h:#define NFS_DIR_BUF_FIRST_DIRENTRY(BP) \
nfs/nfsnode.h:#define NFS_DIRENTRY_LEN(namlen) \
nfs/nfsnode.h:#define NFS_DIRENTRY_LEN_16(namlen) \
nfs/nfsnode.h:	        (uint16_t)(NFS_DIRENTRY_LEN(namlen)); assert((namlen) <= UINT16_MAX);
nfs/nfsnode.h:#define NFS_DIRENT_LEN(namlen) \
nfs/nfsnode.h:#define NFS_DIRENTRY_NEXT(DP) \
php/Zend/zend_virtual_cwd.h:#ifdef HAVE_DIRENT_H
php/main/php_scandir.h:#ifdef HAVE_DIRENT_H
php/main/php_config.h:#define HAVE_DIRENT_H 1
php/main/php_reentrancy.h:#ifdef HAVE_DIRENT_H
sys/dirent.h:#ifndef _SYS_DIRENT_H
sys/dirent.h:#define _SYS_DIRENT_H
sys/dirent.h:#define __DARWIN_STRUCT_DIRENTRY { \
sys/dirent.h:struct dirent __DARWIN_STRUCT_DIRENTRY;
sys/dirent.h:#endif /* _SYS_DIRENT_H  */
$ files_h | xa fgr DIRENT | cl
apr-1/apr_file_info.h:#define APR_FINFO_DIRENT 0x02000000 /**<  an atomic unix a
apr-1/apr_portable.h:#if APR_HAVE_DIRENT_H
apr-1/apr.h:#define APR_HAVE_DIRENT_H        1
bsm/audit_kevents.h:#define AUE_DARWIN_GETDIRENTRIES        328
bsm/audit_kevents.h:#define AUE_DARWIN_GETDIRENTRIESATTR    337     /* Darwin-sp
bsm/audit_kevents.h:#define AUE_GETDIRENTRIES       43020
bsm/audit_kevents.h:#define AUE_GETDIRENTRIESATTR   43027   /* Darwin-specific. 
bsm/audit_kevents.h:#define AUE_O_GETDIRENTRIES     AUE_GETDIRENTRIES       /* D
bsm/audit_kevents.h:#define AUE_GETDIRENTRIES64     AUE_NULL
dirent.h:#ifndef _DIRENT_H_
dirent.h:#define _DIRENT_H_
dirent.h:#endif /* !_DIRENT_H_ */
net-snmp/net-snmp-config.h:#define HAVE_DIRENT_H 1
net-snmp/net-snmp-config.h:#define HAVE_STRUCT_DIRENT_D_TYPE 1
nfs/nfsnode.h:#define NFS_DIR_BUF_FIRST_DIRENTRY(BP) \
nfs/nfsnode.h:#define NFS_DIRENTRY_LEN(namlen) \
nfs/nfsnode.h:#define NFS_DIRENTRY_LEN_16(namlen) \
nfs/nfsnode.h:          (uint16_t)(NFS_DIRENTRY_LEN(namlen)); assert((namlen) <=
nfs/nfsnode.h:#define NFS_DIRENT_LEN(namlen) \
nfs/nfsnode.h:#define NFS_DIRENTRY_NEXT(DP) \
php/Zend/zend_virtual_cwd.h:#ifdef HAVE_DIRENT_H
php/main/php_scandir.h:#ifdef HAVE_DIRENT_H
php/main/php_config.h:#define HAVE_DIRENT_H 1
php/main/php_reentrancy.h:#ifdef HAVE_DIRENT_H
sys/dirent.h:#ifndef _SYS_DIRENT_H
sys/dirent.h:#define _SYS_DIRENT_H
sys/dirent.h:#define __DARWIN_STRUCT_DIRENTRY { \
sys/dirent.h:struct dirent __DARWIN_STRUCT_DIRENTRY;
sys/dirent.h:#endif /* _SYS_DIRENT_H  */
$ s

$ files_h | xa fgr DIRENT | cl
apr-1/apr_file_info.h:#define APR_FINFO_DIRENT 0x02000000 /**<  an atomic unix a
apr-1/apr_portable.h:#if APR_HAVE_DIRENT_H
apr-1/apr.h:#define APR_HAVE_DIRENT_H        1
bsm/audit_kevents.h:#define AUE_DARWIN_GETDIRENTRIES        328
bsm/audit_kevents.h:#define AUE_DARWIN_GETDIRENTRIESATTR    337     /* Darwin-sp
bsm/audit_kevents.h:#define AUE_GETDIRENTRIES       43020
bsm/audit_kevents.h:#define AUE_GETDIRENTRIESATTR   43027   /* Darwin-specific. 
bsm/audit_kevents.h:#define AUE_O_GETDIRENTRIES     AUE_GETDIRENTRIES       /* D
bsm/audit_kevents.h:#define AUE_GETDIRENTRIES64     AUE_NULL
dirent.h:#ifndef _DIRENT_H_
dirent.h:#define _DIRENT_H_
dirent.h:#endif /* !_DIRENT_H_ */
net-snmp/net-snmp-config.h:#define HAVE_DIRENT_H 1
net-snmp/net-snmp-config.h:#define HAVE_STRUCT_DIRENT_D_TYPE 1
nfs/nfsnode.h:#define NFS_DIR_BUF_FIRST_DIRENTRY(BP) \
nfs/nfsnode.h:#define NFS_DIRENTRY_LEN(namlen) \
nfs/nfsnode.h:#define NFS_DIRENTRY_LEN_16(namlen) \
nfs/nfsnode.h:          (uint16_t)(NFS_DIRENTRY_LEN(namlen)); assert((namlen) <=
nfs/nfsnode.h:#define NFS_DIRENT_LEN(namlen) \
nfs/nfsnode.h:#define NFS_DIRENTRY_NEXT(DP) \
php/Zend/zend_virtual_cwd.h:#ifdef HAVE_DIRENT_H
php/main/php_scandir.h:#ifdef HAVE_DIRENT_H
php/main/php_config.h:#define HAVE_DIRENT_H 1
php/main/php_reentrancy.h:#ifdef HAVE_DIRENT_H
sys/dirent.h:#ifndef _SYS_DIRENT_H
sys/dirent.h:#define _SYS_DIRENT_H
sys/dirent.h:#define __DARWIN_STRUCT_DIRENTRY { \
sys/dirent.h:struct dirent __DARWIN_STRUCT_DIRENTRY;
sys/dirent.h:#endif /* _SYS_DIRENT_H  */
$ files_h | xa fgr DIRENT | fgr define | cl
apr-1/apr_file_info.h:#define APR_FINFO_DIRENT 0x02000000 /**<  an atomic unix a
apr-1/apr.h:#define APR_HAVE_DIRENT_H        1
bsm/audit_kevents.h:#define AUE_DARWIN_GETDIRENTRIES        328
bsm/audit_kevents.h:#define AUE_DARWIN_GETDIRENTRIESATTR    337     /* Darwin-sp
bsm/audit_kevents.h:#define AUE_GETDIRENTRIES       43020
bsm/audit_kevents.h:#define AUE_GETDIRENTRIESATTR   43027   /* Darwin-specific. 
bsm/audit_kevents.h:#define AUE_O_GETDIRENTRIES     AUE_GETDIRENTRIES       /* D
bsm/audit_kevents.h:#define AUE_GETDIRENTRIES64     AUE_NULL
dirent.h:#define _DIRENT_H_
net-snmp/net-snmp-config.h:#define HAVE_DIRENT_H 1
net-snmp/net-snmp-config.h:#define HAVE_STRUCT_DIRENT_D_TYPE 1
nfs/nfsnode.h:#define NFS_DIR_BUF_FIRST_DIRENTRY(BP) \
nfs/nfsnode.h:#define NFS_DIRENTRY_LEN(namlen) \
nfs/nfsnode.h:#define NFS_DIRENTRY_LEN_16(namlen) \
nfs/nfsnode.h:#define NFS_DIRENT_LEN(namlen) \
nfs/nfsnode.h:#define NFS_DIRENTRY_NEXT(DP) \
php/main/php_config.h:#define HAVE_DIRENT_H 1
sys/dirent.h:#define _SYS_DIRENT_H
sys/dirent.h:#define __DARWIN_STRUCT_DIRENTRY { \
$ s

$ files_h | xa fgr DIRENT | fgr define | cl
apr-1/apr_file_info.h:#define APR_FINFO_DIRENT 0x02000000 /**<  an atomic unix a
apr-1/apr.h:#define APR_HAVE_DIRENT_H        1
bsm/audit_kevents.h:#define AUE_DARWIN_GETDIRENTRIES        328
bsm/audit_kevents.h:#define AUE_DARWIN_GETDIRENTRIESATTR    337     /* Darwin-sp
bsm/audit_kevents.h:#define AUE_GETDIRENTRIES       43020
bsm/audit_kevents.h:#define AUE_GETDIRENTRIESATTR   43027   /* Darwin-specific. 
bsm/audit_kevents.h:#define AUE_O_GETDIRENTRIES     AUE_GETDIRENTRIES       /* D
bsm/audit_kevents.h:#define AUE_GETDIRENTRIES64     AUE_NULL
dirent.h:#define _DIRENT_H_
net-snmp/net-snmp-config.h:#define HAVE_DIRENT_H 1
net-snmp/net-snmp-config.h:#define HAVE_STRUCT_DIRENT_D_TYPE 1
nfs/nfsnode.h:#define NFS_DIR_BUF_FIRST_DIRENTRY(BP) \
nfs/nfsnode.h:#define NFS_DIRENTRY_LEN(namlen) \
nfs/nfsnode.h:#define NFS_DIRENTRY_LEN_16(namlen) \
nfs/nfsnode.h:#define NFS_DIRENT_LEN(namlen) \
nfs/nfsnode.h:#define NFS_DIRENTRY_NEXT(DP) \
php/main/php_config.h:#define HAVE_DIRENT_H 1
sys/dirent.h:#define _SYS_DIRENT_H
sys/dirent.h:#define __DARWIN_STRUCT_DIRENTRY { \
$ vi dirent.h sys/dirent.h
2 files to edit
$ pwd
/usr/xcode/include
$ s























$ sw















































Sun  7 Apr 19:35:05 - /usr/xcode/include
$ pwd
/usr/xcode/include
$ 
$ files_h | xa fgr in_addr_t | fgr typedef
apache2/modperl_xs_typedefs.h:typedef apr_in_addr_t * APR__InAddr;
apr-1/apr_network_io.h:typedef struct in_addr          apr_in_addr_t;
net-snmp/types.h:typedef u_long in_addr_t;
sys/_types/_in_addr_t.h:typedef __uint32_t      in_addr_t;      /* base type for internet address */
$ cd repos
/Users/dam/shared/repos
$ l
bash-5.2/		darwin-xnu-main/	glibc/
illumos-gate-master/	ksh-dev/		macos-master/
readline-master/	zsh59/
$ cd ill*
$ l
CODE_OF_CONDUCT.md	README.md		exception_lists/
usr/
$ cd usr/rc
-ksh: cd[22]: cd: usr/rc: [No such file or directory]
$ cd usr/src
$ files_h | xa fgr in_addr_t | fgr typedef
boot/include/arpa/inet.h:typedef	uint32_t	in_addr_t;
boot/include/netinet/in.h:typedef	uint32_t		in_addr_t;
boot/sys/sys/types.h:typedef	__uint32_t	in_addr_t;	/* base type for internet address */
lib/libldap5/include/ldap/portable.h:typedef in_addr_t	nsldapi_in_addr_t;
lib/libldap5/include/ldap/portable.h:typedef unsigned long	nsldapi_in_addr_t;
uts/common/netinet/in.h:typedef	uint32_t	in_addr_t;
uts/common/sys/byteorder.h:typedef uint32_t in_addr_t;
$ files_h | xa fgr in_addr_t | fgr typedef | cl
s
^[[A^[[A
boot/include/arpa/inet.h:typedef        uint32_t        in_addr_t;
boot/include/netinet/in.h:typedef       uint32_t                in_addr_t;
boot/sys/sys/types.h:typedef    __uint32_t      in_addr_t;      /* base type for
lib/libldap5/include/ldap/portable.h:typedef in_addr_t  nsldapi_in_addr_t;
lib/libldap5/include/ldap/portable.h:typedef unsigned long      nsldapi_in_addr_
uts/common/netinet/in.h:typedef uint32_t        in_addr_t;
uts/common/sys/byteorder.h:typedef uint32_t in_addr_t;
$ s




$ files_h | xa fgr in_addr_t | fgr typedef | cl
boot/include/arpa/inet.h:typedef        uint32_t        in_addr_t;
boot/include/netinet/in.h:typedef       uint32_t                in_addr_t;
boot/sys/sys/types.h:typedef    __uint32_t      in_addr_t;      /* base type for
lib/libldap5/include/ldap/portable.h:typedef in_addr_t  nsldapi_in_addr_t;
lib/libldap5/include/ldap/portable.h:typedef unsigned long      nsldapi_in_addr_
uts/common/netinet/in.h:typedef uint32_t        in_addr_t;
uts/common/sys/byteorder.h:typedef uint32_t in_addr_t;
$ cd /usr/xcode/include
$ s






































$ da
Mon Apr  8 00:09:09 EDT 2024
$ sw













































Mon  8 Apr 01:03:25 - /usr/xcode/include
$ files_h | xa fgr S_IFREG | fgt define
-ksh: fgt: not found
^[[A^[[D$ files_h | xa fgr S_IFREG | fgt define
$ files_h | xa fgr S_IFREG | fgr define                                        
php/Zend/zend_virtual_cwd.h:#define _S_IFREG S_IFREG
php/Zend/zend_virtual_cwd.h:#define S_ISREG(mode)	(((mode)&S_IFMT) == S_IFREG)
sys/_types/_s_ifmt.h:#define S_IFREG         0100000         /* [XSI] regular */
sys/stat.h:#define S_ISREG(m)      (((m) & S_IFMT) == S_IFREG)     /* regular file */
$ vi sys/stat.h
$ vi sys/_types/_s_ifmt.h
$                                      
$ pwd
/usr/xcode/include
$ sw































Tue  9 Apr 13:18:42 - /usr/xcode/include
$ w
13:18  up 14 days,  2:15, 8 users, load averages: 1.49 1.06 0.86
USER     TTY      FROM              LOGIN@  IDLE WHAT
dam      console  -                26Mar24 14days -
dam      s003     -                02Apr24  6:17 -ksh
dam      s005     -                Fri19   34:51 -ksh
dam      s000     -                Fri19    9:07 -ksh
dam      s002     -                02Apr24 34:13 -ksh
dam      s001     -                02Apr24 14:23 -ksh
dam      s004     -                 1:07    6:26 -ksh
dam      s007     -                Sun19       - w
$ cd
$ sw


































Tue  9 Apr 14:46:37 - /Users/dam
$ cd /usr/xcode/include
$ files_h | xa fgr S_IFMT | fgr define | cl 
php/Zend/zend_virtual_cwd.h:#define S_ISDIR(mode)       (((mode)&S_IFMT) == S_IF
php/Zend/zend_virtual_cwd.h:#define S_ISREG(mode)       (((mode)&S_IFMT) == S_IF
php/Zend/zend_virtual_cwd.h:#define S_ISLNK(mode)       (((mode)&S_IFMT) == S_IF
sys/_types/_s_ifmt.h:#define S_IFMT          0170000         /* [XSI] type of fi
sys/stat.h:#define S_ISBLK(m)      (((m) & S_IFMT) == S_IFBLK)     /* block spec
sys/stat.h:#define S_ISCHR(m)      (((m) & S_IFMT) == S_IFCHR)     /* char speci
sys/stat.h:#define S_ISDIR(m)      (((m) & S_IFMT) == S_IFDIR)     /* directory 
sys/stat.h:#define S_ISFIFO(m)     (((m) & S_IFMT) == S_IFIFO)     /* fifo or so
sys/stat.h:#define S_ISREG(m)      (((m) & S_IFMT) == S_IFREG)     /* regular fi
sys/stat.h:#define S_ISLNK(m)      (((m) & S_IFMT) == S_IFLNK)     /* symbolic l
sys/stat.h:#define S_ISSOCK(m)     (((m) & S_IFMT) == S_IFSOCK)    /* socket */
sys/stat.h:#define S_ISWHT(m)      (((m) & S_IFMT) == S_IFWHT)     /* OBSOLETE: 
$ pwd
/usr/xcode/include
$ sw






























Tue  9 Apr 14:57:27 - /usr/xcode/include
$ files_h | xa fgr S_IFDIR | fgr define | cl
php/Zend/zend_virtual_cwd.h:#define _S_IFDIR S_IFDIR
php/Zend/zend_virtual_cwd.h:#define S_ISDIR(mode)       (((mode)&S_IFMT) == S_IF
sys/_types/_s_ifmt.h:#define S_IFDIR         0040000         /* [XSI] directory 
sys/stat.h:#define S_ISDIR(m)      (((m) & S_IFMT) == S_IFDIR)     /* directory 
$ vi sys/_types/_s_ifmt.h
$ sw








































Tue  9 Apr 15:23:50 - /usr/xcode/include
$ files_h | xa fgr sockaddr_in6
apr-1/apr_network_io.h:        struct sockaddr_in6 sin6;
bsm/audit_record.h:struct sockaddr_in6;
bsm/audit_record.h:token_t *au_to_sock_inet128(struct sockaddr_in6 *so)
cups/http.h:  struct sockaddr_in6	ipv6;		/* IPv6 address */
net-snmp/library/snmpIPv6BaseDomain.h:    int netsnmp_sockaddr_in6_2(struct sockaddr_in6 *addr,
net-snmp/library/snmpIPv6BaseDomain.h:    int netsnmp_sockaddr_in6(struct sockaddr_in6 *addr,
net-snmp/library/snmpTCPIPv6Domain.h:netsnmp_transport *netsnmp_tcp6_transport(struct sockaddr_in6 *addr, 
net-snmp/library/snmpUDPIPv6Domain.h:netsnmp_transport *snmp_udp6_transport(struct sockaddr_in6 *addr,
net-snmp/library/snmpUDPIPv6Domain.h: * Convert a "traditional" peername into a sockaddr_in6 structure which is
net-snmp/library/snmpUDPIPv6Domain.h:int             netsnmp_sockaddr_in6(struct sockaddr_in6 *addr,
net-snmp/net-snmp-config.h:/* Define to 1 if `sin6_scope_id' is member of `struct sockaddr_in6'. */
netinet6/nd6.h:	struct  sockaddr_in6 rtaddr;
netinet6/nd6.h:	struct  sockaddr_in6 prefix;
netinet6/nd6.h:	/* struct sockaddr_in6 advrtr[] */
netinet6/in6.h:struct sockaddr_in6 {
netinet6/in6.h:	struct sockaddr_in6 ip6m_addr;  /* or sockaddr_storage? */
netinet6/in6_var.h:	struct sockaddr_in6 addr; /* prefix address */
netinet6/in6_var.h:	struct sockaddr_in6 addrmask; /* prefix mask */
netinet6/in6_var.h:		struct  sockaddr_in6 ifru_addr;
netinet6/in6_var.h:		struct  sockaddr_in6 ifru_dstaddr;
netinet6/in6_var.h:	struct  sockaddr_in6 ifra_addr;
netinet6/in6_var.h:	struct  sockaddr_in6 ifra_dstaddr;
netinet6/in6_var.h:	struct  sockaddr_in6 ifra_prefixmask;
netinet6/in6_var.h:	struct  sockaddr_in6 ipr_prefix;
netinet6/in6_var.h:	struct  sockaddr_in6 irr_matchprefix;
netinet6/in6_var.h:	struct  sockaddr_in6 irr_useprefix;
netinet6/in6_var.h:	struct sockaddr_in6 ia_addr;    /* interface address */
netinet6/in6_var.h:	struct sockaddr_in6 ia_net;     /* network number of interface */
netinet6/in6_var.h:	struct sockaddr_in6 ia_dstaddr; /* space for destination addr */
netinet6/in6_var.h:	struct sockaddr_in6 ia_prefixmask; /* prefix mask */
resolv.h:	struct sockaddr_in6	sin6;
$ files_h | xa fgr sockaddr_in4
$ files_h | xa fgr sockaddr_in 
apr-1/apr_network_io.h:#define APR_IPV4_ADDR_OK  0x01  /**< @see apr_sockaddr_info_get() */
apr-1/apr_network_io.h:#define APR_IPV6_ADDR_OK  0x02  /**< @see apr_sockaddr_info_get() */
apr-1/apr_network_io.h:    /** If multiple addresses were found by apr_sockaddr_info_get(), this 
apr-1/apr_network_io.h:        struct sockaddr_in sin;
apr-1/apr_network_io.h:        struct sockaddr_in6 sin6;
apr-1/apr_network_io.h:APR_DECLARE(apr_status_t) apr_sockaddr_info_get(apr_sockaddr_t **sa,
bsm/audit_record.h:struct sockaddr_in;
bsm/audit_record.h:struct sockaddr_in6;
bsm/audit_record.h:token_t *au_to_sock_inet(struct sockaddr_in *so)
bsm/audit_record.h:token_t *au_to_sock_inet32(struct sockaddr_in *so)
bsm/audit_record.h:token_t *au_to_sock_inet128(struct sockaddr_in6 *so)
cups/http.h:  struct sockaddr_in	ipv4;		/* IPv4 address */
cups/http.h:  struct sockaddr_in6	ipv6;		/* IPv6 address */
net-snmp/types.h:   * The type in_addr_t must match the type of sockaddr_in::sin_addr.
net-snmp/library/snmpIPv6BaseDomain.h:    int netsnmp_sockaddr_in6_2(struct sockaddr_in6 *addr,
net-snmp/library/snmpIPv6BaseDomain.h:    int netsnmp_sockaddr_in6(struct sockaddr_in6 *addr,
net-snmp/library/snmpTCPIPv6Domain.h:netsnmp_transport *netsnmp_tcp6_transport(struct sockaddr_in6 *addr, 
net-snmp/library/snmpUDPIPv4BaseDomain.h:    netsnmp_transport *netsnmp_udpipv4base_transport(struct sockaddr_in *addr,
net-snmp/library/snmpIPv4BaseDomain.h: * Convert a "traditional" peername into a sockaddr_in structure which is
net-snmp/library/snmpIPv4BaseDomain.h:    int netsnmp_sockaddr_in(struct sockaddr_in *addr, const char *peername,
net-snmp/library/snmpIPv4BaseDomain.h:    int netsnmp_sockaddr_in2(struct sockaddr_in *addr, const char *inpeername,
net-snmp/library/snmp_transport.h:   struct sockaddr_in remote_addr;
net-snmp/library/snmp_transport.h:   struct sockaddr_in local_addr;
net-snmp/library/snmp_transport.h:   struct sockaddr_in remote_addr;
net-snmp/library/snmp_transport.h:   struct sockaddr_in local_addr;
net-snmp/library/snmpUDPDomain.h:netsnmp_transport *netsnmp_udp_transport(struct sockaddr_in *addr, int local);
net-snmp/library/snmpUDPIPv6Domain.h:netsnmp_transport *snmp_udp6_transport(struct sockaddr_in6 *addr,
net-snmp/library/snmpUDPIPv6Domain.h: * Convert a "traditional" peername into a sockaddr_in6 structure which is
net-snmp/library/snmpUDPIPv6Domain.h:int             netsnmp_sockaddr_in6(struct sockaddr_in6 *addr,
net-snmp/library/snmpTCPDomain.h:netsnmp_transport *netsnmp_tcp_transport(struct sockaddr_in *addr, int local);
net-snmp/agent/util_funcs.h:#define     satosin(x)      ((struct sockaddr_in *) &(x))
net-snmp/system/darwin9.h: * BSD systems use a different method of looking up sockaddr_in values 
net-snmp/system/bsd.h: * BSD systems use a different method of looking up sockaddr_in values 
net-snmp/system/darwin10.h: * BSD systems use a different method of looking up sockaddr_in values 
net-snmp/system/darwin8.h: * BSD systems use a different method of looking up sockaddr_in values 
net-snmp/net-snmp-config.h:/* Define to 1 if `sin6_scope_id' is member of `struct sockaddr_in6'. */
netinet/if_ether.h:struct sockaddr_inarp {
netinet/in.h:struct sockaddr_in {
netinet/in.h:int        bindresvport(int, struct sockaddr_in *);
netinet/in_var.h:	struct sockaddr_in ifra_addr;
netinet/in_var.h:	struct sockaddr_in ifra_broadaddr;
netinet/in_var.h:	struct sockaddr_in ifra_mask;
netinet6/nd6.h:	struct  sockaddr_in6 rtaddr;
netinet6/nd6.h:	struct  sockaddr_in6 prefix;
netinet6/nd6.h:	/* struct sockaddr_in6 advrtr[] */
netinet6/in6.h:struct sockaddr_in6 {
netinet6/in6.h:	struct sockaddr_in6 ip6m_addr;  /* or sockaddr_storage? */
netinet6/in6_var.h:	struct sockaddr_in6 addr; /* prefix address */
netinet6/in6_var.h:	struct sockaddr_in6 addrmask; /* prefix mask */
netinet6/in6_var.h:		struct  sockaddr_in6 ifru_addr;
netinet6/in6_var.h:		struct  sockaddr_in6 ifru_dstaddr;
netinet6/in6_var.h:	struct  sockaddr_in6 ifra_addr;
netinet6/in6_var.h:	struct  sockaddr_in6 ifra_dstaddr;
netinet6/in6_var.h:	struct  sockaddr_in6 ifra_prefixmask;
netinet6/in6_var.h:	struct  sockaddr_in6 ipr_prefix;
netinet6/in6_var.h:	struct  sockaddr_in6 irr_matchprefix;
netinet6/in6_var.h:	struct  sockaddr_in6 irr_useprefix;
netinet6/in6_var.h:	struct sockaddr_in6 ia_addr;    /* interface address */
netinet6/in6_var.h:	struct sockaddr_in6 ia_net;     /* network number of interface */
netinet6/in6_var.h:	struct sockaddr_in6 ia_dstaddr; /* space for destination addr */
netinet6/in6_var.h:	struct sockaddr_in6 ia_prefixmask; /* prefix mask */
nfs/krpc.h:int krpc_call(struct sockaddr_in *sin, u_int sotype,
nfs/krpc.h:    mbuf_t *data, struct sockaddr_in *from);
nfs/krpc.h:int krpc_portmap(struct sockaddr_in *sin,
nfs/nfsdiskless.h:	struct sockaddr_in ndm_saddr;           /* Address of file server */
pcap/socket.h:  #include <netinet/in.h>	/* for sockaddr_in, in BSD at least */
resolv.h:	struct sockaddr_in
resolv.h:	struct sockaddr_in	sin;
resolv.h:	struct sockaddr_in6	sin6;
resolv.h:int		res_isourserver __P((const struct sockaddr_in *));
resolv.h:int		res_nisourserver __P((const res_state, const struct sockaddr_in *));
rpc/svc.h:	struct sockaddr_in xp_raddr;	 /* remote address */
rpc/clnt.h: *	struct sockaddr_in *raddr;
rpc/clnt.h:extern CLIENT *clnttcp_create	__P((struct sockaddr_in *,
rpc/clnt.h:extern CLIENT *clnttcp_create	__P((struct sockaddr_in *,
rpc/clnt.h: *	struct sockaddr_in *raddr;
rpc/clnt.h: *	struct sockaddr_in *raddr;
rpc/clnt.h:extern CLIENT *clntudp_create	__P((struct sockaddr_in *,
rpc/clnt.h:extern CLIENT *clntudp_bufcreate __P((struct sockaddr_in *,
rpc/clnt.h:extern CLIENT *clntudp_create	__P((struct sockaddr_in *,
rpc/clnt.h:extern CLIENT *clntudp_bufcreate __P((struct sockaddr_in *,
rpc/rpc.h:extern int bindresvport(int, struct sockaddr_in *);
rpc/auth.h:					     struct sockaddr_in *,
rpc/pmap_clnt.h: *		struct sockaddr_in raddr;
rpc/pmap_clnt.h:extern enum clnt_stat	pmap_rmtcall	__P((struct sockaddr_in *,
rpc/pmap_clnt.h:extern unsigned short		pmap_getport	__P((struct sockaddr_in *,
rpc/pmap_clnt.h:extern enum clnt_stat	pmap_rmtcall	__P((struct sockaddr_in *,
rpc/pmap_clnt.h:extern unsigned short		pmap_getport	__P((struct sockaddr_in *,
rpc/pmap_clnt.h:extern struct pmaplist	*pmap_getmaps	__P((struct sockaddr_in *));
rpcsvc/yp_prot.h:	struct sockaddr_in dom_server_addr;
$ files_h | xa fgr sockaddr_in | fgrep -v _in6
apr-1/apr_network_io.h:#define APR_IPV4_ADDR_OK  0x01  /**< @see apr_sockaddr_info_get() */
apr-1/apr_network_io.h:#define APR_IPV6_ADDR_OK  0x02  /**< @see apr_sockaddr_info_get() */
apr-1/apr_network_io.h:    /** If multiple addresses were found by apr_sockaddr_info_get(), this 
apr-1/apr_network_io.h:        struct sockaddr_in sin;
apr-1/apr_network_io.h:APR_DECLARE(apr_status_t) apr_sockaddr_info_get(apr_sockaddr_t **sa,
bsm/audit_record.h:struct sockaddr_in;
bsm/audit_record.h:token_t *au_to_sock_inet(struct sockaddr_in *so)
bsm/audit_record.h:token_t *au_to_sock_inet32(struct sockaddr_in *so)
cups/http.h:  struct sockaddr_in	ipv4;		/* IPv4 address */
net-snmp/types.h:   * The type in_addr_t must match the type of sockaddr_in::sin_addr.
net-snmp/library/snmpUDPIPv4BaseDomain.h:    netsnmp_transport *netsnmp_udpipv4base_transport(struct sockaddr_in *addr,
net-snmp/library/snmpIPv4BaseDomain.h: * Convert a "traditional" peername into a sockaddr_in structure which is
net-snmp/library/snmpIPv4BaseDomain.h:    int netsnmp_sockaddr_in(struct sockaddr_in *addr, const char *peername,
net-snmp/library/snmpIPv4BaseDomain.h:    int netsnmp_sockaddr_in2(struct sockaddr_in *addr, const char *inpeername,
net-snmp/library/snmp_transport.h:   struct sockaddr_in remote_addr;
net-snmp/library/snmp_transport.h:   struct sockaddr_in local_addr;
net-snmp/library/snmp_transport.h:   struct sockaddr_in remote_addr;
net-snmp/library/snmp_transport.h:   struct sockaddr_in local_addr;
net-snmp/library/snmpUDPDomain.h:netsnmp_transport *netsnmp_udp_transport(struct sockaddr_in *addr, int local);
net-snmp/library/snmpTCPDomain.h:netsnmp_transport *netsnmp_tcp_transport(struct sockaddr_in *addr, int local);
net-snmp/agent/util_funcs.h:#define     satosin(x)      ((struct sockaddr_in *) &(x))
net-snmp/system/darwin9.h: * BSD systems use a different method of looking up sockaddr_in values 
net-snmp/system/bsd.h: * BSD systems use a different method of looking up sockaddr_in values 
net-snmp/system/darwin10.h: * BSD systems use a different method of looking up sockaddr_in values 
net-snmp/system/darwin8.h: * BSD systems use a different method of looking up sockaddr_in values 
netinet/if_ether.h:struct sockaddr_inarp {
netinet/in.h:struct sockaddr_in {
netinet/in.h:int        bindresvport(int, struct sockaddr_in *);
netinet/in_var.h:	struct sockaddr_in ifra_addr;
netinet/in_var.h:	struct sockaddr_in ifra_broadaddr;
netinet/in_var.h:	struct sockaddr_in ifra_mask;
nfs/krpc.h:int krpc_call(struct sockaddr_in *sin, u_int sotype,
nfs/krpc.h:    mbuf_t *data, struct sockaddr_in *from);
nfs/krpc.h:int krpc_portmap(struct sockaddr_in *sin,
nfs/nfsdiskless.h:	struct sockaddr_in ndm_saddr;           /* Address of file server */
pcap/socket.h:  #include <netinet/in.h>	/* for sockaddr_in, in BSD at least */
resolv.h:	struct sockaddr_in
resolv.h:	struct sockaddr_in	sin;
resolv.h:int		res_isourserver __P((const struct sockaddr_in *));
resolv.h:int		res_nisourserver __P((const res_state, const struct sockaddr_in *));
rpc/svc.h:	struct sockaddr_in xp_raddr;	 /* remote address */
rpc/clnt.h: *	struct sockaddr_in *raddr;
rpc/clnt.h:extern CLIENT *clnttcp_create	__P((struct sockaddr_in *,
rpc/clnt.h:extern CLIENT *clnttcp_create	__P((struct sockaddr_in *,
rpc/clnt.h: *	struct sockaddr_in *raddr;
rpc/clnt.h: *	struct sockaddr_in *raddr;
rpc/clnt.h:extern CLIENT *clntudp_create	__P((struct sockaddr_in *,
rpc/clnt.h:extern CLIENT *clntudp_bufcreate __P((struct sockaddr_in *,
rpc/clnt.h:extern CLIENT *clntudp_create	__P((struct sockaddr_in *,
rpc/clnt.h:extern CLIENT *clntudp_bufcreate __P((struct sockaddr_in *,
rpc/rpc.h:extern int bindresvport(int, struct sockaddr_in *);
rpc/auth.h:					     struct sockaddr_in *,
rpc/pmap_clnt.h: *		struct sockaddr_in raddr;
rpc/pmap_clnt.h:extern enum clnt_stat	pmap_rmtcall	__P((struct sockaddr_in *,
rpc/pmap_clnt.h:extern unsigned short		pmap_getport	__P((struct sockaddr_in *,
rpc/pmap_clnt.h:extern enum clnt_stat	pmap_rmtcall	__P((struct sockaddr_in *,
rpc/pmap_clnt.h:extern unsigned short		pmap_getport	__P((struct sockaddr_in *,
rpc/pmap_clnt.h:extern struct pmaplist	*pmap_getmaps	__P((struct sockaddr_in *));
rpcsvc/yp_prot.h:	struct sockaddr_in dom_server_addr;
$ files_h | xa fgr sockaddr_in | fgrep -v _in6 | cl
apr-1/apr_network_io.h:#define APR_IPV4_ADDR_OK  0x01  /**< @see apr_sockaddr_in
apr-1/apr_network_io.h:#define APR_IPV6_ADDR_OK  0x02  /**< @see apr_sockaddr_in
apr-1/apr_network_io.h:    /** If multiple addresses were found by apr_sockaddr_
apr-1/apr_network_io.h:        struct sockaddr_in sin;
apr-1/apr_network_io.h:APR_DECLARE(apr_status_t) apr_sockaddr_info_get(apr_socka
bsm/audit_record.h:struct sockaddr_in;
bsm/audit_record.h:token_t *au_to_sock_inet(struct sockaddr_in *so)
bsm/audit_record.h:token_t *au_to_sock_inet32(struct sockaddr_in *so)
cups/http.h:  struct sockaddr_in        ipv4;           /* IPv4 address */
net-snmp/types.h:   * The type in_addr_t must match the type of sockaddr_in::sin
net-snmp/library/snmpUDPIPv4BaseDomain.h:    netsnmp_transport *netsnmp_udpipv4b
net-snmp/library/snmpIPv4BaseDomain.h: * Convert a "traditional" peername into a
net-snmp/library/snmpIPv4BaseDomain.h:    int netsnmp_sockaddr_in(struct sockadd
net-snmp/library/snmpIPv4BaseDomain.h:    int netsnmp_sockaddr_in2(struct sockad
net-snmp/library/snmp_transport.h:   struct sockaddr_in remote_addr;
net-snmp/library/snmp_transport.h:   struct sockaddr_in local_addr;
net-snmp/library/snmp_transport.h:   struct sockaddr_in remote_addr;
net-snmp/library/snmp_transport.h:   struct sockaddr_in local_addr;
net-snmp/library/snmpUDPDomain.h:netsnmp_transport *netsnmp_udp_transport(struct
net-snmp/library/snmpTCPDomain.h:netsnmp_transport *netsnmp_tcp_transport(struct
net-snmp/agent/util_funcs.h:#define     satosin(x)      ((struct sockaddr_in *) 
net-snmp/system/darwin9.h: * BSD systems use a different method of looking up so
net-snmp/system/bsd.h: * BSD systems use a different method of looking up sockad
net-snmp/system/darwin10.h: * BSD systems use a different method of looking up s
net-snmp/system/darwin8.h: * BSD systems use a different method of looking up so
netinet/if_ether.h:struct sockaddr_inarp {
netinet/in.h:struct sockaddr_in {
netinet/in.h:int        bindresvport(int, struct sockaddr_in *);
netinet/in_var.h:       struct sockaddr_in ifra_addr;
netinet/in_var.h:       struct sockaddr_in ifra_broadaddr;
netinet/in_var.h:       struct sockaddr_in ifra_mask;
nfs/krpc.h:int krpc_call(struct sockaddr_in *sin, u_int sotype,
nfs/krpc.h:    mbuf_t *data, struct sockaddr_in *from);
nfs/krpc.h:int krpc_portmap(struct sockaddr_in *sin,
nfs/nfsdiskless.h:      struct sockaddr_in ndm_saddr;           /* Address of fi
pcap/socket.h:  #include <netinet/in.h> /* for sockaddr_in, in BSD at least */
resolv.h:       struct sockaddr_in
resolv.h:       struct sockaddr_in      sin;
resolv.h:int            res_isourserver __P((const struct sockaddr_in *));
resolv.h:int            res_nisourserver __P((const res_state, const struct sock
rpc/svc.h:      struct sockaddr_in xp_raddr;     /* remote address */
rpc/clnt.h: *   struct sockaddr_in *raddr;
rpc/clnt.h:extern CLIENT *clnttcp_create        __P((struct sockaddr_in *,
rpc/clnt.h:extern CLIENT *clnttcp_create        __P((struct sockaddr_in *,
rpc/clnt.h: *   struct sockaddr_in *raddr;
rpc/clnt.h: *   struct sockaddr_in *raddr;
rpc/clnt.h:extern CLIENT *clntudp_create        __P((struct sockaddr_in *,
rpc/clnt.h:extern CLIENT *clntudp_bufcreate __P((struct sockaddr_in *,
rpc/clnt.h:extern CLIENT *clntudp_create        __P((struct sockaddr_in *,
rpc/clnt.h:extern CLIENT *clntudp_bufcreate __P((struct sockaddr_in *,
rpc/rpc.h:extern int bindresvport(int, struct sockaddr_in *);
rpc/auth.h:                                          struct sockaddr_in *,
rpc/pmap_clnt.h: *              struct sockaddr_in raddr;
rpc/pmap_clnt.h:extern enum clnt_stat   pmap_rmtcall    __P((struct sockaddr_in 
rpc/pmap_clnt.h:extern unsigned short           pmap_getport    __P((struct sock
rpc/pmap_clnt.h:extern enum clnt_stat   pmap_rmtcall    __P((struct sockaddr_in 
rpc/pmap_clnt.h:extern unsigned short           pmap_getport    __P((struct sock
rpc/pmap_clnt.h:extern struct pmaplist  *pmap_getmaps   __P((struct sockaddr_in 
rpcsvc/yp_prot.h:       struct sockaddr_in dom_server_addr;
$ s

$ files_h | xa fgr sockaddr_in | fgrep -v _in6 | cl
apr-1/apr_network_io.h:#define APR_IPV4_ADDR_OK  0x01  /**< @see apr_sockaddr_in
apr-1/apr_network_io.h:#define APR_IPV6_ADDR_OK  0x02  /**< @see apr_sockaddr_in
apr-1/apr_network_io.h:    /** If multiple addresses were found by apr_sockaddr_
apr-1/apr_network_io.h:        struct sockaddr_in sin;
apr-1/apr_network_io.h:APR_DECLARE(apr_status_t) apr_sockaddr_info_get(apr_socka
bsm/audit_record.h:struct sockaddr_in;
bsm/audit_record.h:token_t *au_to_sock_inet(struct sockaddr_in *so)
bsm/audit_record.h:token_t *au_to_sock_inet32(struct sockaddr_in *so)
cups/http.h:  struct sockaddr_in        ipv4;           /* IPv4 address */
net-snmp/types.h:   * The type in_addr_t must match the type of sockaddr_in::sin
net-snmp/library/snmpUDPIPv4BaseDomain.h:    netsnmp_transport *netsnmp_udpipv4b
net-snmp/library/snmpIPv4BaseDomain.h: * Convert a "traditional" peername into a
net-snmp/library/snmpIPv4BaseDomain.h:    int netsnmp_sockaddr_in(struct sockadd
net-snmp/library/snmpIPv4BaseDomain.h:    int netsnmp_sockaddr_in2(struct sockad
net-snmp/library/snmp_transport.h:   struct sockaddr_in remote_addr;
net-snmp/library/snmp_transport.h:   struct sockaddr_in local_addr;
net-snmp/library/snmp_transport.h:   struct sockaddr_in remote_addr;
net-snmp/library/snmp_transport.h:   struct sockaddr_in local_addr;
net-snmp/library/snmpUDPDomain.h:netsnmp_transport *netsnmp_udp_transport(struct
net-snmp/library/snmpTCPDomain.h:netsnmp_transport *netsnmp_tcp_transport(struct
net-snmp/agent/util_funcs.h:#define     satosin(x)      ((struct sockaddr_in *) 
net-snmp/system/darwin9.h: * BSD systems use a different method of looking up so
net-snmp/system/bsd.h: * BSD systems use a different method of looking up sockad
net-snmp/system/darwin10.h: * BSD systems use a different method of looking up s
net-snmp/system/darwin8.h: * BSD systems use a different method of looking up so
netinet/if_ether.h:struct sockaddr_inarp {
netinet/in.h:struct sockaddr_in {
netinet/in.h:int        bindresvport(int, struct sockaddr_in *);
netinet/in_var.h:       struct sockaddr_in ifra_addr;
netinet/in_var.h:       struct sockaddr_in ifra_broadaddr;
netinet/in_var.h:       struct sockaddr_in ifra_mask;
nfs/krpc.h:int krpc_call(struct sockaddr_in *sin, u_int sotype,
nfs/krpc.h:    mbuf_t *data, struct sockaddr_in *from);
nfs/krpc.h:int krpc_portmap(struct sockaddr_in *sin,
nfs/nfsdiskless.h:      struct sockaddr_in ndm_saddr;           /* Address of fi
pcap/socket.h:  #include <netinet/in.h> /* for sockaddr_in, in BSD at least */
resolv.h:       struct sockaddr_in
resolv.h:       struct sockaddr_in      sin;
resolv.h:int            res_isourserver __P((const struct sockaddr_in *));
resolv.h:int            res_nisourserver __P((const res_state, const struct sock
rpc/svc.h:      struct sockaddr_in xp_raddr;     /* remote address */
rpc/clnt.h: *   struct sockaddr_in *raddr;
rpc/clnt.h:extern CLIENT *clnttcp_create        __P((struct sockaddr_in *,
rpc/clnt.h:extern CLIENT *clnttcp_create        __P((struct sockaddr_in *,
rpc/clnt.h: *   struct sockaddr_in *raddr;
rpc/clnt.h: *   struct sockaddr_in *raddr;
rpc/clnt.h:extern CLIENT *clntudp_create        __P((struct sockaddr_in *,
rpc/clnt.h:extern CLIENT *clntudp_bufcreate __P((struct sockaddr_in *,
rpc/clnt.h:extern CLIENT *clntudp_create        __P((struct sockaddr_in *,
rpc/clnt.h:extern CLIENT *clntudp_bufcreate __P((struct sockaddr_in *,
rpc/rpc.h:extern int bindresvport(int, struct sockaddr_in *);
rpc/auth.h:                                          struct sockaddr_in *,
rpc/pmap_clnt.h: *              struct sockaddr_in raddr;
rpc/pmap_clnt.h:extern enum clnt_stat   pmap_rmtcall    __P((struct sockaddr_in 
rpc/pmap_clnt.h:extern unsigned short           pmap_getport    __P((struct sock
rpc/pmap_clnt.h:extern enum clnt_stat   pmap_rmtcall    __P((struct sockaddr_in 
rpc/pmap_clnt.h:extern unsigned short           pmap_getport    __P((struct sock
rpc/pmap_clnt.h:extern struct pmaplist  *pmap_getmaps   __P((struct sockaddr_in 
rpcsvc/yp_prot.h:       struct sockaddr_in dom_server_addr;
$ files_h | xa fgr sockaddr_un | fgrep -v _in6 | cl
bsm/audit_record.h:struct sockaddr_un;
bsm/audit_record.h:token_t *au_to_sock_unix(struct sockaddr_un *so)
cups/http.h:  struct sockaddr_un        un;             /* Domain socket file */
net-snmp/library/snmpUnixDomain.h:netsnmp_transport *netsnmp_unix_transport(stru
net-snmp/net-snmp-config.h:/* The size of `sockaddr_un.sun_path', as computed by
php/ext/sockets/php_sockets.h:struct    sockaddr_un {
php/main/php_config.h:/* Define if sockaddr_un in sys/un.h contains a sun_len co
resolv.h:#define res_sockaddr_union res_9_sockaddr_union
resolv.h:union res_sockaddr_union {
resolv.h:int            res_findzonecut2 __P((res_state, const char *, ns_class,
resolv.h:void           res_setservers __P((res_state, const union res_sockaddr_
resolv.h:int            res_getservers __P((res_state, union res_sockaddr_union 
sys/proc_info.h:                struct sockaddr_un      ua_sun;
sys/proc_info.h:                struct sockaddr_un      ua_sun;
sys/un.h:struct  sockaddr_un {
sys/un.h:/* actual length of an initialized sockaddr_un */
$ sw

Tue  9 Apr 19:30:43 - /usr/xcode/include
$ pwd
/usr/xcode/include
$ s












































$ sw















































Tue  9 Apr 19:30:46 - /usr/xcode/include
$ files_h | xa fgr SOCK_DGRAM | fgr define
bsm/audit_socket_type.h:#define BSM_SOCK_DGRAM          1
sys/socket.h:#define SOCK_DGRAM      2               /* datagram socket */
$ vi sys/socket.h
$ pwd
/usr/xcode/include
$ 
$ files_h | xa fgr SOL_ | fgr define            
net/ndrv.h:#define SOL_NDRVPROTO           NDRVPROTO_NDRV  /* Use this socket level */
sys/un.h:#define SOL_LOCAL               0
sys/socket.h:#define SOL_SOCKET      0xffff          /* options for socket level */
$ vi sys/socket.h
$ s
































$ sw















































Wed 10 Apr 05:16:09 - /usr/xcode/include
$ files_h | xa fgr O_AC | fgr define
apr-1/apr_network_io.h:#if APR_HAS_SO_ACCEPTFILTER || defined(DOXYGEN)
apr-1/apr.h:#define APR_HAS_SO_ACCEPTFILTER   0
bsm/audit_kevents.h:#define AUE_O_ACCEPT            AUE_NULL        /* Darwin */
form.h:#define O_ACTIVE		(0x0002U)
mach/kern_return.h:#define KERN_NO_ACCESS                  8
php/Zend/zend_API.h:#define IS_CALLABLE_CHECK_NO_ACCESS   (1<<1)
sys/fcntl.h:#define O_ACCMODE       0x0003          /* mask for above modes */
sys/socket.h:#define SO_ACCEPTCONN   0x0002          /* socket has had listen() */
sys/socket.h:#define SO_ACCEPTFILTER 0x1000          /* there is an accept filter */
tidy/platform.h:#if !defined(_POSIX) && !defined(NO_ACCESS_SUPPORT)
tidy/platform.h:#define NO_ACCESS_SUPPORT
$ vi sys/fcntl.h
$ pwd
/usr/xcode/include
$ s





























$ s
w














































$ sw















































Wed 10 Apr 06:14:41 - /usr/xcode/include
$ 
$ 
$ files_h | xa fgr O_IAMB | fgr define
$ files_h | xa fgr S_IAMB | fgr define
$ 
$ files_h | xa fgr S_IAMB | fgr define
$ sw








































Fri 12 Apr 00:32:59 - /usr/xcode/include
$ 
$ files_h | xa fgr uuid.h | fgr include
apache2/modperl_apr_includes.h:#include "apr_uuid.h"
apache2/modperl_xs_typedefs.h:#include "apr_uuid.h"
apache2/mod_proxy.h:#include "apr_uuid.h"
apache2/mod_session.h:#include "apr_uuid.h"
execinfo.h:#include <uuid/uuid.h>
grp.h:#include <uuid/uuid.h>
hfs/hfs_format.h:#include <uuid/uuid.h>
kern/kcdata.h:#include <uuid/uuid.h>
libkern/OSKextLib.h:#include <uuid/uuid.h>
mach-o/dyld_images.h:#include <uuid/uuid.h>
membership.h:#include <uuid/uuid.h>
netinet6/ipsec.h:#include <uuid/uuid.h>
odmodule/odtypes.h:#include <uuid/uuid.h>
pwd.h:#include <uuid/uuid.h>
sys/proc_info.h:#include <uuid/uuid.h>
unistd.h:#include <gethostuuid.h>
unistd.h:#include <gethostuuid.h>
xpc/xpc.h:#include <uuid/uuid.h>
$ find * -type f -name uuid.h -print
uuid/uuid.h
$ vi uuid/uuid.h
$ sw























Fri 12 Apr 15:20:15 - /usr/xcode/include
$ files_ch | xa fgr getdtablesize 
net-snmp/net-snmp-config.h:/* Define to 1 if you have the `getdtablesize' function. */
sys/syscall.h:#define	SYS_getdtablesize  89
unistd.h:int	 getdtablesize(void) __POSIX_C_DEPRECATED(199506L);
$ 
$ 
$ sw







































Sat 13 Apr 02:52:06 - /usr/xcode/include
$ 
$ files_h | xa fgr HZ | fgr define | egr -v 'MHZ|GHZ' | cl
apache2/modperl_directives.h:#define MP_CMD_AUTHZ_ENTRY \
apache2/modperl_time.h:#   define MP_HZ HZ
apache2/modperl_time.h:#   define MP_HZ 100
apache2/modperl_hooks.h:#define MP_AUTHZ_HANDLER 3
apache2/ap_mmn.h: * 20081101.0 (2.3.0-dev)  Remove unused AUTHZ_GROUP_NOTE defin
apache2/mod_auth.h:#define AUTHZ_PROVIDER_GROUP "authz"
apache2/mod_auth.h:#define AUTHZ_PROVIDER_VERSION "0"
apache2/mod_auth.h:#define AUTHZ_PROVIDER_NAME_NOTE "authz_provider_name"
apache2/mod_auth.h:#define AUTHZ_PREFIX "AUTHORIZE_"
apache2/modperl_flags.h:#define MpSrv_f_AUTHZ 0x00000080
apache2/modperl_flags.h:#define MpSrvAUTHZ(p)  (MpSrvFLAGS(p) & MpSrv_f_AUTHZ)
apache2/modperl_flags.h:#define MpSrvAUTHZ_On(p)  (MpSrvFLAGS(p) |= MpSrv_f_AUTH
apache2/modperl_flags.h:#define MpSrvAUTHZ_Off(p) (MpSrvFLAGS(p) &= ~MpSrv_f_AUT
apache2/modperl_flags.h:#define MpSrvHOOKS_ALL_On(p) MpSrvFLAGS(p) |= (MpSrv_f_A
ldap.h:#define LDAP_OPT_X_SASL_AUTHZID                  0x6103
ldap.h:#define LDAP_CONTROL_PROXY_AUTHZ "2.16.840.1.113730.3.4.18" /* RFC 4370 *
ldap.h:#define LDAP_X_PROXY_AUTHZ_FAILURE       0x2F /* LDAPv3 proxy authorizati
net/if.h:#define IFNET_SLOWHZ    1       /* granularity is 1 second */
net-snmp/system/darwin9.h:#define TCPTV_MIN       (  1*PR_SLOWHZ)         /* min
net-snmp/system/darwin9.h:#define TCPTV_REXMTMAX  ( 64*PR_SLOWHZ)         /* max
net-snmp/system/dynix.h:#define TCPTV_MIN       (1*PR_SLOWHZ)   /* minimum allow
net-snmp/system/dynix.h:#define TCPTV_REXMTMAX  (64*PR_SLOWHZ)  /* max allowable
net-snmp/system/darwin10.h:#define TCPTV_MIN       (  1*PR_SLOWHZ)         /* mi
net-snmp/system/darwin10.h:#define TCPTV_REXMTMAX  ( 64*PR_SLOWHZ)         /* ma
net-snmp/system/darwin8.h:#define TCPTV_MIN       (  1*PR_SLOWHZ)         /* min
net-snmp/system/darwin8.h:#define TCPTV_REXMTMAX  ( 64*PR_SLOWHZ)         /* max
net-snmp/system/darwin13.h:#define PR_SLOWHZ       2               /* 2 slow tim
nfs/nfs.h:#define NFS_HZ          (hz / nfs_ticks) /* Ticks/sec */
nfs/nfs.h:#define NFS_TIMEO       (1 * NFS_HZ)    /* Default timeout = 1 second 
nfs/nfs.h:#define NFS_MINTIMEO    (1 * NFS_HZ)    /* Min timeout to use */
nfs/nfs.h:#define NFS_MAXTIMEO    (60 * NFS_HZ)   /* Max timeout to backoff to *
nfs/nfs.h:#define NFS_MINIDEMTIMEO (5 * NFS_HZ)   /* Min timeout for non-idempot
php/ext/standard/info.h:#define PHP_LOGO_DATA_URI "data:image/png;base64,iVBORw0
php/ext/standard/info.h:#define PHP_EGG_LOGO_DATA_URI   "data:image/png;base64,i
php/ext/standard/info.h:#define ZEND_LOGO_DATA_URI "data:image/png;base64,iVBORw
sasl/sasl.h:#define SASL_NOAUTHZ    -14  /* authorization failure */
sasl/sasl.h:#define SASL_CB_AUTHZ_PRSID  0x4a00  /* APPLE: authorization person 
sasl/sasl.h:#define SASL_CU_AUTHZID 0x02
sasl/saslplug.h:#define SASL_AUXPROP_AUTHZID  0x02 /* if clear, we are looking u
sys/protosw.h:#define PR_SLOWHZ       2               /* 2 slow timeouts per sec
sys/acct.h:#define AHZ     64
$ 
$ sw


Sat 13 Apr 08:08:56 - /usr/xcode/include
$ files_h | xa fgre MAP_SHARED | fgr define
xargs: fgre: No such file or directory
$ files_h | xa fgr MAP_SHARED | fgr define 
sys/mman.h:#define MAP_SHARED      0x0001          /* [MF|SHM] share changes */
$ vi sys/mman.h










































#define MINCORE_MODIFIED         0x4     /* Page has been modified by us */
#define MINCORE_REFERENCED_OTHER 0x8     /* Page has been referenced */
#define MINCORE_MODIFIED_OTHER  0x10     /* Page has been modified */
#define MINCORE_PAGED_OUT       0x20     /* Page has been paged out */
#define MINCORE_COPIED          0x40     /* Page has been copied */
#define MINCORE_ANONYMOUS       0x80     /* Page belongs to an anonymous object */
#endif  /* (!_POSIX_C_SOURCE || _DARWIN_C_SOURCE) */




__BEGIN_DECLS
/* [ML] */
int     mlockall(int);
int     munlockall(void);
/* [MR] */
int     mlock(const void *, size_t);
#ifndef _MMAP
#define _MMAP
/* [MC3]*/
void *  mmap(void *, size_t, int, int, int, off_t) __DARWIN_ALIAS(mmap);
#endif
/* [MPR] */
int     mprotect(void *, size_t, int) __DARWIN_ALIAS(mprotect);
/* [MF|SIO] */
int     msync(void *, size_t, int) __DARWIN_ALIAS_C(msync);
/* [MR] */
int     munlock(const void *, size_t);
/* [MC3]*/
int     munmap(void *, size_t) __DARWIN_ALIAS(munmap);
/* [SHM] */
int     shm_open(const char *, int, ...);
int     shm_unlink(const char *);
/* [ADV] */
int     posix_madvise(void *, size_t, int);

#if !defined(_POSIX_C_SOURCE) || defined(_DARWIN_C_SOURCE)
int     madvise(void *, size_t, int);
int     mincore(const void *, size_t, char *);
int     minherit(void *, size_t, int);
#endif


__END_DECLS

#endif /* !_SYS_MMAN_H_ */

:f

